
[Test_SimpleList - 1]
IN ('a',
'b',
'c',
'd',
'e'
)

---
